â–¿ UserProfileViewData
  - account: "Account: 56789"
  - address: "Some Street 123"
  - agency: "Agency: 1234"
  - email: "john@email.com"
  - name: "John"
  - phone: "+31 06 1234 1234"
